// Jest Snapshot v1, https://goo.gl/fbAQLP

exports[`Market Cap Component renders Pie Chart correctly 1`] = `<div />`;
