// Jest Snapshot v1, https://goo.gl/fbAQLP

exports[`Transactions Per Secong Component renders Time Chart Series correctly 1`] = `<div />`;
