// Jest Snapshot v1, https://goo.gl/fbAQLP

exports[`Wallet Balance Component renders Bar Chart correctly 1`] = `<div />`;
